{
  "baseline": "analysis/compact200/groups12_off_h6",
  "candidate": "analysis/prefix200",
  "records": 200,
  "old_seconds": 1819.6749309439983,
  "new_seconds": 600.9577476370032,
  "speedup": 3.0279581852452253,
  "time_reduction_fraction": 0.6697444486278423,
  "old_macro_f1": 0.28444814667801316,
  "new_macro_f1": 0.2834927277302597,
  "macro_f1_delta": -0.0009554189477534725,
  "cached_fraction": 0.9094257177870533,
  "phase_cache": {
    "first": {
      "requests": 200,
      "input_tokens": 2279787,
      "cached_tokens": 38208,
      "output_tokens": 9819,
      "cached_fraction": 0.016759460423276386
    },
    "remaining": {
      "requests": 2205,
      "input_tokens": 25302314,
      "cached_tokens": 25045664,
      "output_tokens": 110756,
      "cached_fraction": 0.9898566589601252
    }
  },
  "request_stats_available": false,
  "new_projected_1853_minutes": 93.24827623528057,
  "old_projected_1853_minutes": 281.4578152103858,
  "changed_bits": 390,
  "caveats": [
    "Historical baseline; no measured baseline cache hits or matched uncached control.",
    "Prompt role/order and scheduling changed together; not a cache-only causal accuracy comparison.",
    "Rendered token counts include cache hits; unavailable request timing is not zero.",
    "Single local RTX5090 run; linear1853 projection is not measured L40S latency."
  ]
}
