{
  "baseline": "analysis/prefix200",
  "candidate": "analysis/prefix200_batch11",
  "old_seconds": 600.9577476370032,
  "new_seconds": 561.6152729370078,
  "time_reduction_fraction": 0.06546629085770506,
  "speedup": 1.0700523589649744,
  "macro_f1_delta": -0.015828214910692806,
  "micro_f1_delta": -0.018835677407868956,
  "changed_bits": 251,
  "first_pass": {
    "failed_ids": [
      "PPS-DEV-22",
      "PPS-DEV-066",
      "PPS-DEV-075"
    ],
    "prediction_seconds": 550.8362028060073
  },
  "recovery": {
    "policy": {
      "scope": "One whole-notice 1\u219211 retry for each failed notice, then one isolated retry per still-failed group",
      "prompt_change": false,
      "output_tokens": 2048,
      "thinking": false,
      "max_num_seqs": 11,
      "internal_retries_per_predict": 1,
      "source_sha256": "914269d418c2b40c2d2843ccad4028a337de2c79b15da20511207ee785a6a3a6"
    },
    "prediction_seconds": 10.77907013100048,
    "separate_process_load_seconds": 28.045015989002422,
    "records": [
      {
        "id": "PPS-DEV-22",
        "seconds": 3.566586532993824,
        "whole_notice_retry_error": null,
        "final_error": null
      },
      {
        "id": "PPS-DEV-066",
        "seconds": 5.668477306011482,
        "whole_notice_retry_error": null,
        "final_error": null
      },
      {
        "id": "PPS-DEV-075",
        "seconds": 1.5438062360044569,
        "whole_notice_retry_error": null,
        "final_error": null
      }
    ]
  }
}
{"passed": true, "records": 200, "judgments": 4800, "same_prompts_schemas_groups": true, "same_input_token_counts": true, "same_rules": true, "source_hashes_match": true, "all_notices_first_1_then_11": true, "trace_cache_token_totals_match": true, "context_overflows": 0, "csv_rows": 200, "csv_columns": 49, "evidence_invalid": 0}
